FINDSTR: Cannot open lists"
FINDSTR: Cannot open /C:"
FINDSTR: Cannot open component"
FINDSTR: Cannot open /C:"
FINDSTR: Cannot open Definition"
FINDSTR: Cannot open /C:"
FINDSTR: Cannot open Button"
FINDSTR: Cannot open /C:"
FINDSTR: Cannot open Collapse"
FINDSTR: Cannot open /C:"
FINDSTR: Cannot open Structure"
